[INFO] Scanning for projects...
[INFO] 
[INFO] -----------------------< com.syssupplements:gym >-----------------------
[INFO] Building SysSupplementsGym 0.0.1-SNAPSHOT
[INFO]   from pom.xml
[INFO] --------------------------------[ jar ]---------------------------------
[INFO] 
[INFO] >>> spring-boot:4.1.0:run (default-cli) > test-compile @ gym >>>
[INFO] 
[INFO] --- resources:3.5.0:resources (default-resources) @ gym ---
[INFO] Copying 1 resource from src\main\resources to target\classes
[INFO] Copying 2 resources from src\main\resources to target\classes
[INFO] 
[INFO] --- compiler:3.15.0:compile (default-compile) @ gym ---
[INFO] Nothing to compile - all classes are up to date.
[INFO] 
[INFO] --- resources:3.5.0:testResources (default-testResources) @ gym ---
[INFO] skip non existing resourceDirectory C:\Users\gynay\IdeaProjects\Tienda_Suplemetos_Deportivos\SysSupplementsGym\src\test\resources
[INFO] 
[INFO] --- compiler:3.15.0:testCompile (default-testCompile) @ gym ---
[INFO] Nothing to compile - all classes are up to date.
[INFO] 
[INFO] <<< spring-boot:4.1.0:run (default-cli) < test-compile @ gym <<<
[INFO] 
[INFO] 
[INFO] --- spring-boot:4.1.0:run (default-cli) @ gym ---
[INFO] Attaching agents: []

======================================================
   SysSupplementsGym iniciado correctamente
======================================================
   Frontend:   http://localhost:4200
   Backend:    http://localhost:8081/api/productos
======================================================
   Admin DB:   admin@sys.com / admin123
======================================================

2026-07-20T22:48:09.370-05:00  INFO 3028 --- [SysSupplementsGym] [  restartedMain] c.s.gym.SysSupplementsGymApplication     : Starting SysSupplementsGymApplication using Java 21.0.9 with PID 3028 (C:\Users\gynay\IdeaProjects\Tienda_Suplemetos_Deportivos\SysSupplementsGym\target\classes started by gynay in C:\Users\gynay\IdeaProjects\Tienda_Suplemetos_Deportivos\SysSupplementsGym)
2026-07-20T22:48:09.373-05:00  INFO 3028 --- [SysSupplementsGym] [  restartedMain] c.s.gym.SysSupplementsGymApplication     : No active profile set, falling back to 1 default profile: "default"
2026-07-20T22:48:09.426-05:00  INFO 3028 --- [SysSupplementsGym] [  restartedMain] .e.DevToolsPropertyDefaultsPostProcessor : Devtools property defaults active! Set 'spring.devtools.add-properties' to 'false' to disable
2026-07-20T22:48:09.426-05:00  INFO 3028 --- [SysSupplementsGym] [  restartedMain] .e.DevToolsPropertyDefaultsPostProcessor : For additional web related logging consider setting the 'logging.level.web' property to 'DEBUG'
2026-07-20T22:48:09.914-05:00  INFO 3028 --- [SysSupplementsGym] [  restartedMain] .s.d.r.c.RepositoryConfigurationDelegate : Bootstrapping Spring Data JPA repositories in DEFAULT mode.
2026-07-20T22:48:09.978-05:00  INFO 3028 --- [SysSupplementsGym] [  restartedMain] .s.d.r.c.RepositoryConfigurationDelegate : Finished Spring Data repository scanning in 49 ms. Found 11 JPA repository interfaces.
2026-07-20T22:48:10.400-05:00  INFO 3028 --- [SysSupplementsGym] [  restartedMain] o.s.boot.tomcat.TomcatWebServer          : Tomcat initialized with port 8081 (http)
2026-07-20T22:48:10.412-05:00  INFO 3028 --- [SysSupplementsGym] [  restartedMain] o.apache.catalina.core.StandardService   : Starting service [Tomcat]
2026-07-20T22:48:10.412-05:00  INFO 3028 --- [SysSupplementsGym] [  restartedMain] o.apache.catalina.core.StandardEngine    : Starting Servlet engine: [Apache Tomcat/11.0.22]
2026-07-20T22:48:10.444-05:00  INFO 3028 --- [SysSupplementsGym] [  restartedMain] b.w.c.s.WebApplicationContextInitializer : Root WebApplicationContext: initialization completed in 1016 ms
2026-07-20T22:48:10.567-05:00  INFO 3028 --- [SysSupplementsGym] [  restartedMain] org.hibernate.orm.jpa                    : HHH008540: Processing PersistenceUnitInfo [name: default]
2026-07-20T22:48:10.602-05:00  INFO 3028 --- [SysSupplementsGym] [  restartedMain] org.hibernate.orm.core                   : HHH000001: Hibernate ORM core version 7.4.1.Final
2026-07-20T22:48:10.899-05:00  INFO 3028 --- [SysSupplementsGym] [  restartedMain] o.s.o.j.p.SpringPersistenceUnitInfo      : No LoadTimeWeaver setup: ignoring JPA class transformer
2026-07-20T22:48:10.937-05:00  INFO 3028 --- [SysSupplementsGym] [  restartedMain] com.zaxxer.hikari.HikariDataSource       : HikariPool-1 - Starting...
2026-07-20T22:48:11.394-05:00  INFO 3028 --- [SysSupplementsGym] [  restartedMain] com.zaxxer.hikari.pool.HikariPool        : HikariPool-1 - Added connection com.mysql.cj.jdbc.ConnectionImpl@2feb5769
2026-07-20T22:48:11.395-05:00  INFO 3028 --- [SysSupplementsGym] [  restartedMain] com.zaxxer.hikari.HikariDataSource       : HikariPool-1 - Start completed.
2026-07-20T22:48:11.480-05:00  INFO 3028 --- [SysSupplementsGym] [  restartedMain] org.hibernate.orm.connections.pooling    : HHH10001005: Database info:
	Database JDBC URL [jdbc:mysql://127.0.0.1:3306/syssuplements?createDatabaseIfNotExist=true&useSSL=false&serverTimezone=UTC&allowPublicKeyRetrieval=true]
	Database driver: MySQL Connector/J
	Database dialect: MySQLDialect
	Database version: 8.0.44
	Default catalog/schema: syssuplements/undefined
	Autocommit mode: undefined/unknown
	Isolation level: REPEATABLE_READ [default REPEATABLE_READ]
	JDBC fetch size: none
	Pool: DataSourceConnectionProvider
	Minimum pool size: undefined/unknown
	Maximum pool size: undefined/unknown
2026-07-20T22:48:12.452-05:00  INFO 3028 --- [SysSupplementsGym] [  restartedMain] org.hibernate.orm.core                   : HHH000489: No JTA platform available (set 'hibernate.transaction.jta.platform' to enable JTA platform integration)
Hibernate: 
    create table carrito (
        id integer not null auto_increment,
        fecha_creacion datetime(6),
        subtotal float(23),
        compra_id integer,
        primary key (id)
    ) engine=InnoDB
Hibernate: 
    create table categoria (
        id integer not null auto_increment,
        descripcion varchar(255),
        nombre varchar(255),
        primary key (id)
    ) engine=InnoDB
Hibernate: 
    create table compra (
        id integer not null auto_increment,
        fecha datetime(6),
        metodo_pago enum ('EFECTIVO','PAYPAL','TARJETA','TRANSFERENCIA'),
        total float(23),
        carrito_id integer,
        direccion_entrega_id integer,
        factura_id integer,
        persona_id integer,
        primary key (id)
    ) engine=InnoDB
Hibernate: 
    create table detalle_compra (
        id integer not null auto_increment,
        cantidad integer,
        preciou float(23),
        subtotal float(23),
        compra_id integer,
        producto_id integer,
        primary key (id)
    ) engine=InnoDB
Hibernate: 
    create table direccion_entrega (
        id integer not null auto_increment,
        calle_principal varchar(255),
        callle_secundaria varchar(255),
        estado_entrega enum ('ENTREGADO','ENVIADO','EN_PROCESO'),
        nro_casa varchar(255),
        referencia varchar(255),
        primary key (id)
    ) engine=InnoDB
Hibernate: 
    create table factura (
        id integer not null auto_increment,
        fecha datetime(6),
        numero varchar(255),
        total float(23),
        compra_id integer,
        primary key (id)
    ) engine=InnoDB
Hibernate: 
    create table inventario (
        id integer not null auto_increment,
        stock integer,
        stock_min integer,
        producto_id integer,
        primary key (id)
    ) engine=InnoDB
Hibernate: 
    create table persona (
        id integer not null auto_increment,
        apellido varchar(255),
        documento varchar(255),
        nombre varchar(255),
        telefono varchar(255),
        tipo_documento varchar(255),
        primary key (id)
    ) engine=InnoDB
Hibernate: 
    create table producto (
        id integer not null auto_increment,
        cod integer,
        detalle varchar(255),
        estado bit,
        imagen_url TEXT,
        nombre varchar(255),
        precio float(23),
        categoria_id integer,
        primary key (id)
    ) engine=InnoDB
Hibernate: 
    create table rol (
        id_rol integer not null auto_increment,
        nombre varchar(255),
        primary key (id_rol)
    ) engine=InnoDB
Hibernate: 
    create table usuario (
        id integer not null auto_increment,
        clave varchar(255),
        correo varchar(255),
        intento_fallido integer,
        persona_id integer,
        rol_id_rol integer,
        primary key (id)
    ) engine=InnoDB
Hibernate: 
    alter table carrito 
       drop index UKa1f08o3gbv9arqbp06pobvnl7
Hibernate: 
    alter table carrito 
       add constraint UKa1f08o3gbv9arqbp06pobvnl7 unique (compra_id)
Hibernate: 
    alter table compra 
       drop index UKmcl1vgc5biqe9o7kwtgf7nx45
Hibernate: 
    alter table compra 
       add constraint UKmcl1vgc5biqe9o7kwtgf7nx45 unique (carrito_id)
Hibernate: 
    alter table compra 
       drop index UKfgl0a528ynde61j2qlmjn1tft
Hibernate: 
    alter table compra 
       add constraint UKfgl0a528ynde61j2qlmjn1tft unique (factura_id)
Hibernate: 
    alter table factura 
       drop index UK2queckocfbi152fdpuccjl2vr
Hibernate: 
    alter table factura 
       add constraint UK2queckocfbi152fdpuccjl2vr unique (compra_id)
Hibernate: 
    alter table inventario 
       drop index UKk6s7p1vvfeqoq5lc5f61ndoam
Hibernate: 
    alter table inventario 
       add constraint UKk6s7p1vvfeqoq5lc5f61ndoam unique (producto_id)
Hibernate: 
    alter table usuario 
       drop index UKc30a561f4mytkssjk76n0c1b3
Hibernate: 
    alter table usuario 
       add constraint UKc30a561f4mytkssjk76n0c1b3 unique (persona_id)
Hibernate: 
    alter table carrito 
       add constraint FK7h05p3k7xxjn2wbc3upn6pnc1 
       foreign key (compra_id) 
       references compra (id)
Hibernate: 
    alter table compra 
       add constraint FK56ebfm0ciratpbk8h1xml38tb 
       foreign key (carrito_id) 
       references carrito (id)
Hibernate: 
    alter table compra 
       add constraint FK11njr7mh3rkdpwjrjdp4rx7ac 
       foreign key (direccion_entrega_id) 
       references direccion_entrega (id)
Hibernate: 
    alter table compra 
       add constraint FKqd1uksgoyea7f41ynj9a55e73 
       foreign key (factura_id) 
       references factura (id)
Hibernate: 
    alter table compra 
       add constraint FK5ooxt6pli1rcbk1gv3m04y9jk 
       foreign key (persona_id) 
       references persona (id)
Hibernate: 
    alter table detalle_compra 
       add constraint FKqwu2j7ft8a7gg1t54pllqtqas 
       foreign key (compra_id) 
       references compra (id)
Hibernate: 
    alter table detalle_compra 
       add constraint FK8fysgqric0spig3y0hlkwe84e 
       foreign key (producto_id) 
       references producto (id)
Hibernate: 
    alter table factura 
       add constraint FKat9vx62hp7iq99qcqfr578kpy 
       foreign key (compra_id) 
       references compra (id)
Hibernate: 
    alter table inventario 
       add constraint FK2jpmjsxwl42blfea24vda6fs6 
       foreign key (producto_id) 
       references producto (id)
Hibernate: 
    alter table producto 
       add constraint FKodqr7965ok9rwquj1utiamt0m 
       foreign key (categoria_id) 
       references categoria (id)
Hibernate: 
    alter table usuario 
       add constraint FKlse7lqghmt3r1sp298ss9s5bc 
       foreign key (persona_id) 
       references persona (id)
Hibernate: 
    alter table usuario 
       add constraint FK53p14xu8lx79r6lyweraumgqt 
       foreign key (rol_id_rol) 
       references rol (id_rol)
2026-07-20T22:48:13.037-05:00  INFO 3028 --- [SysSupplementsGym] [  restartedMain] j.LocalContainerEntityManagerFactoryBean : Initialized JPA EntityManagerFactory for persistence unit 'default'
2026-07-20T22:48:13.112-05:00  INFO 3028 --- [SysSupplementsGym] [  restartedMain] o.s.d.j.r.query.QueryEnhancerFactories   : Hibernate is in classpath; If applicable, HQL parser will be used.
2026-07-20T22:48:13.403-05:00  WARN 3028 --- [SysSupplementsGym] [  restartedMain] JpaBaseConfiguration$JpaWebConfiguration : spring.jpa.open-in-view is enabled by default. Therefore, database queries may be performed during view rendering. Explicitly configure spring.jpa.open-in-view to disable this warning
2026-07-20T22:48:13.462-05:00  WARN 3028 --- [SysSupplementsGym] [  restartedMain] .s.a.UserDetailsServiceAutoConfiguration : 

Using generated security password: 2f36fabe-3630-4651-8e1c-816f3bc848e0

This generated password is for development use only. Your security configuration must be updated before running your application in production.

2026-07-20T22:48:13.472-05:00  INFO 3028 --- [SysSupplementsGym] [  restartedMain] r$InitializeUserDetailsManagerConfigurer : Global AuthenticationManager configured with UserDetailsService bean with name inMemoryUserDetailsManager
2026-07-20T22:48:13.622-05:00  INFO 3028 --- [SysSupplementsGym] [  restartedMain] o.s.b.w.a.WelcomePageHandlerMapping      : Adding welcome page: class path resource [static/index.html]
2026-07-20T22:48:13.877-05:00  INFO 3028 --- [SysSupplementsGym] [  restartedMain] o.s.boot.tomcat.TomcatWebServer          : Tomcat started on port 8081 (http) with context path '/'
2026-07-20T22:48:13.882-05:00  INFO 3028 --- [SysSupplementsGym] [  restartedMain] c.s.gym.SysSupplementsGymApplication     : Started SysSupplementsGymApplication in 4.855 seconds (process running for 5.225)
Hibernate: 
    select
        r1_0.id_rol,
        r1_0.nombre 
    from
        rol r1_0 
    where
        r1_0.nombre=? 
    limit
        ?
Hibernate: 
    insert 
    into
        rol
        (nombre) 
    values
        (?)
2026-07-20T22:48:14.338-05:00  INFO 3028 --- [SysSupplementsGym] [  restartedMain] c.s.gym.config.DataInitializer           : Rol ADMIN creado
Hibernate: 
    select
        r1_0.id_rol,
        r1_0.nombre 
    from
        rol r1_0 
    where
        r1_0.nombre=? 
    limit
        ?
Hibernate: 
    insert 
    into
        rol
        (nombre) 
    values
        (?)
2026-07-20T22:48:14.344-05:00  INFO 3028 --- [SysSupplementsGym] [  restartedMain] c.s.gym.config.DataInitializer           : Rol CLIENTE creado
Hibernate: 
    select
        u1_0.id,
        u1_0.clave,
        u1_0.correo,
        u1_0.intento_fallido,
        u1_0.persona_id,
        u1_0.rol_id_rol 
    from
        usuario u1_0 
    where
        u1_0.correo=? 
    limit
        ?
Hibernate: 
    insert 
    into
        persona
        (apellido, documento, nombre, telefono, tipo_documento) 
    values
        (?, ?, ?, ?, ?)
Hibernate: 
    select
        r1_0.id_rol,
        r1_0.nombre 
    from
        rol r1_0 
    where
        r1_0.nombre=? 
    limit
        ?
Hibernate: 
    insert 
    into
        usuario
        (clave, correo, intento_fallido, persona_id, rol_id_rol) 
    values
        (?, ?, ?, ?, ?)
2026-07-20T22:48:14.364-05:00  INFO 3028 --- [SysSupplementsGym] [  restartedMain] c.s.gym.config.DataInitializer           : Usuario admin creado - Correo: admin@sys.com | Clave: admin123

=======================================================
   SysSupplementsGym iniciado correctamente
=======================================================
   Frontend:  http://localhost:4200
=======================================================
   Admin DB:  admin@sys.com / admin123
=======================================================

2026-07-20T23:19:34.784-05:00  INFO 3028 --- [SysSupplementsGym] [nio-8081-exec-1] o.a.c.c.C.[Tomcat].[localhost].[/]       : Initializing Spring DispatcherServlet 'dispatcherServlet'
2026-07-20T23:19:34.785-05:00  INFO 3028 --- [SysSupplementsGym] [nio-8081-exec-1] o.s.web.servlet.DispatcherServlet        : Initializing Servlet 'dispatcherServlet'
2026-07-20T23:19:34.787-05:00  INFO 3028 --- [SysSupplementsGym] [nio-8081-exec-1] o.s.web.servlet.DispatcherServlet        : Completed initialization in 2 ms
Hibernate: 
    select
        u1_0.id 
    from
        usuario u1_0 
    where
        u1_0.correo=? 
    limit
        ?
Hibernate: 
    select
        u1_0.id,
        u1_0.clave,
        u1_0.correo,
        u1_0.intento_fallido,
        u1_0.persona_id,
        u1_0.rol_id_rol 
    from
        usuario u1_0 
    where
        u1_0.correo=? 
    limit
        ?
Hibernate: 
    select
        p1_0.id,
        p1_0.apellido,
        p1_0.documento,
        p1_0.nombre,
        p1_0.telefono,
        p1_0.tipo_documento 
    from
        persona p1_0 
    where
        p1_0.id=?
Hibernate: 
    select
        r1_0.id_rol,
        r1_0.nombre 
    from
        rol r1_0 
    where
        r1_0.id_rol=?
Hibernate: 
    select
        c1_0.id,
        c1_0.descripcion,
        c1_0.nombre 
    from
        categoria c1_0
Hibernate: 
    select
        p1_0.id,
        p1_0.categoria_id,
        p1_0.cod,
        p1_0.detalle,
        p1_0.estado,
        p1_0.imagen_url,
        p1_0.nombre,
        p1_0.precio 
    from
        producto p1_0
Hibernate: 
    select
        c1_0.id,
        c1_0.descripcion,
        c1_0.nombre 
    from
        categoria c1_0
Hibernate: 
    select
        p1_0.id,
        p1_0.categoria_id,
        p1_0.cod,
        p1_0.detalle,
        p1_0.estado,
        p1_0.imagen_url,
        p1_0.nombre,
        p1_0.precio 
    from
        producto p1_0
Hibernate: 
    select
        u1_0.id 
    from
        usuario u1_0 
    where
        u1_0.correo=? 
    limit
        ?
Hibernate: 
    select
        u1_0.id,
        u1_0.clave,
        u1_0.correo,
        u1_0.intento_fallido,
        u1_0.persona_id,
        u1_0.rol_id_rol 
    from
        usuario u1_0 
    where
        u1_0.correo=? 
    limit
        ?
Hibernate: 
    select
        p1_0.id,
        p1_0.apellido,
        p1_0.documento,
        p1_0.nombre,
        p1_0.telefono,
        p1_0.tipo_documento 
    from
        persona p1_0 
    where
        p1_0.id=?
Hibernate: 
    select
        r1_0.id_rol,
        r1_0.nombre 
    from
        rol r1_0 
    where
        r1_0.id_rol=?
Hibernate: 
    select
        c1_0.id,
        c1_0.descripcion,
        c1_0.nombre 
    from
        categoria c1_0
Hibernate: 
    select
        p1_0.id,
        p1_0.categoria_id,
        p1_0.cod,
        p1_0.detalle,
        p1_0.estado,
        p1_0.imagen_url,
        p1_0.nombre,
        p1_0.precio 
    from
        producto p1_0
Hibernate: 
    select
        c1_0.id,
        c1_0.descripcion,
        c1_0.nombre 
    from
        categoria c1_0
Hibernate: 
    select
        p1_0.id,
        p1_0.categoria_id,
        p1_0.cod,
        p1_0.detalle,
        p1_0.estado,
        p1_0.imagen_url,
        p1_0.nombre,
        p1_0.precio 
    from
        producto p1_0
