❯ Building...
✔ Building...
Initial chunk files | Names                      |  Raw size
styles.css          | styles                     | 294.69 kB | 
scripts.js          | scripts                    | 107.73 kB | 
main.js             | main                       |  25.02 kB | 
chunk-IHEUM4D5.js   | -                          |   2.97 kB | 
chunk-WQ4ZAPPW.js   | -                          |   2.87 kB | 
chunk-JNDT7EAV.js   | -                          |   1.73 kB | 
chunk-TUDFD2WR.js   | -                          |   1.38 kB | 
chunk-SG2LYVAH.js   | -                          | 894 bytes | 

                    | Initial total              | 437.27 kB

Lazy chunk files    | Names                      |  Raw size
chunk-JTMZP47D.js   | admin-productos-component  |  21.54 kB | 
chunk-P77ZZ2V7.js   | admin-inventario-component |  20.61 kB | 
chunk-XXQWLLZI.js   | registro-component         |  17.08 kB | 
chunk-VSKDUDFD.js   | admin-envios-component     |  14.72 kB | 
chunk-7FKJ2WIZ.js   | catalogo-component         |  13.98 kB | 
chunk-7V6TLIKY.js   | admin-categorias-component |  13.67 kB | 
chunk-UY4IKCZG.js   | carrito-component          |  11.93 kB | 
chunk-DATPJGUZ.js   | login-component            |  10.47 kB | 
chunk-FK2V3MKL.js   | admin-usuarios-component   |   9.77 kB | 
chunk-HDAZP5XZ.js   | mis-compras-component      |   8.42 kB | 
chunk-I5VX5K53.js   | admin-compras-component    |   7.66 kB | 
chunk-EYAB3TYW.js   | admin-layout-component     |   5.75 kB | 
chunk-XPWOETEK.js   | -                          |   1.81 kB | 
chunk-A6PRGEWG.js   | -                          |   1.59 kB | 
chunk-Y4G5LZAV.js   | -                          |   1.53 kB | 

Application bundle generation complete. [2.550 seconds] - 2026-07-15T03:54:16.153Z

Watch mode enabled. Watching for file changes...
NOTE: Raw file sizes do not reflect development server per-request transformations.
  [32m➜[39m  [1mLocal[22m:   [36mhttp://localhost:[1m4200[22m/[39m
